16:03:07 **** Incremental Build of configuration Debug for project Project3_ApplicationMBlaze ****
make all 
'Building file: ../src/Project3_source.c'
'Invoking: MicroBlaze gcc compiler'
mb-gcc -Wall -O0 -g3 -c -fmessage-length=0 -MT"src/Project3_source.o" -ID:/PortlandState/ECE_544/Labs/project_3/Vitis/Project3_MBlaze_Platform/export/Project3_MBlaze_Platform/sw/Project3_MBlaze_Platform/standalone_domain/bspinclude/include -mlittle-endian -mcpu=v11.0 -mxl-soft-mul -Wl,--no-relax -ffunction-sections -fdata-sections -MMD -MP -MF"src/Project3_source.d" -MT"src/Project3_source.o" -o "src/Project3_source.o" "../src/Project3_source.c"
../src/Project3_source.c: In function 'PshBtn_Update':
../src/Project3_source.c:720:3: warning: enumeration value 'Neutral' not handled in switch [-Wswitch]
  720 |   switch(Kpid_current_state){
      |   ^~~~~~
../src/Project3_source.c:759:3: warning: enumeration value 'Neutral' not handled in switch [-Wswitch]
  759 |   switch(Kpid_current_state){
      |   ^~~~~~
'Finished building: ../src/Project3_source.c'
' '
'Building target: Project3_ApplicationMBlaze.elf'
'Invoking: MicroBlaze gcc linker'
mb-gcc -Wl,-T -Wl,../src/lscript.ld -LD:/PortlandState/ECE_544/Labs/project_3/Vitis/Project3_MBlaze_Platform/export/Project3_MBlaze_Platform/sw/Project3_MBlaze_Platform/standalone_domain/bsplib/lib -mlittle-endian -mcpu=v11.0 -mxl-soft-mul -Wl,--no-relax -Wl,--gc-sections -o "Project3_ApplicationMBlaze.elf"  ./src/Project3_source.o ./src/platform.o ./src/pmodCMPS2_helper_functions.o   -Wl,--start-group,-lxil,-lgcc,-lc,--end-group
'Finished building target: Project3_ApplicationMBlaze.elf'
' '
'Invoking: MicroBlaze Print Size'
mb-size Project3_ApplicationMBlaze.elf  |tee "Project3_ApplicationMBlaze.elf.size"
   text	   data	    bss	    dec	    hex	filename
  26500	    460	   3864	  30824	   7868	Project3_ApplicationMBlaze.elf
'Finished building: Project3_ApplicationMBlaze.elf.size'
' '

16:03:08 Build Finished (took 1s.2ms)

