14:18:00 **** Incremental Build of configuration Debug for project FreeRTOS_P3_Application ****
make all 
'Building file: ../src/Project3_source.c'
'Invoking: MicroBlaze gcc compiler'
mb-gcc -Wall -O0 -g3 -c -fmessage-length=0 -MT"src/Project3_source.o" -ID:/PortlandState/ECE_544/Labs/project_3/Vitis2/FreeRTOS_P3_Update/export/FreeRTOS_P3_Update/sw/FreeRTOS_P3_Update/freertos10_xilinx_domain/bspinclude/include -mlittle-endian -mcpu=v11.0 -mxl-soft-mul -Wl,--no-relax -ffunction-sections -fdata-sections -MMD -MP -MF"src/Project3_source.d" -MT"src/Project3_source.o" -o "src/Project3_source.o" "../src/Project3_source.c"
../src/Project3_source.c: In function 'main':
../src/Project3_source.c:338:11: warning: returning 'char *' from a function with return type 'int' makes integer from pointer without a cast [-Wint-conversion]
  338 |    return "Watchdog STOP Fail";
      |           ^~~~~~~~~~~~~~~~~~~~
../src/Project3_source.c: In function 'Master_thread':
../src/Project3_source.c:438:9: warning: 'return' with a value, in function returning void [-Wreturn-type]
  438 |  return -1; //Should never reach this line
      |         ^
../src/Project3_source.c:365:6: note: declared here
  365 | void Master_thread(void *p){
      |      ^~~~~~~~~~~~~
../src/Project3_source.c: In function 'do_init':
../src/Project3_source.c:500:72: warning: passing argument 2 of 'xPortInstallInterruptHandler' from incompatible pointer type [-Wincompatible-pointer-types]
  500 |   status = xPortInstallInterruptHandler( GPIO_1_PBSWITCH_INTR_PRESENT, GPIO_PBSWITCH_Handler, NULL );
      |                                                                        ^~~~~~~~~~~~~~~~~~~~~
      |                                                                        |
      |                                                                        void (*)(void)
In file included from D:/PortlandState/ECE_544/Labs/project_3/Vitis2/FreeRTOS_P3_Update/export/FreeRTOS_P3_Update/sw/FreeRTOS_P3_Update/freertos10_xilinx_domain/bspinclude/include/portable.h:52,
                 from D:/PortlandState/ECE_544/Labs/project_3/Vitis2/FreeRTOS_P3_Update/export/FreeRTOS_P3_Update/sw/FreeRTOS_P3_Update/freertos10_xilinx_domain/bspinclude/include/FreeRTOS.h:62,
                 from ../src/Project3_source.c:58:
D:/PortlandState/ECE_544/Labs/project_3/Vitis2/FreeRTOS_P3_Update/export/FreeRTOS_P3_Update/sw/FreeRTOS_P3_Update/freertos10_xilinx_domain/bspinclude/include/portmacro.h:263:83: note: expected 'XInterruptHandler' {aka 'void (*)(void *)'} but argument is of type 'void (*)(void)'
  263 | BaseType_t xPortInstallInterruptHandler( uint8_t ucInterruptID, XInterruptHandler pxHandler, void *pvCallBackRef );
      |                                                                 ~~~~~~~~~~~~~~~~~~^~~~~~~~~
../src/Project3_source.c: In function 'display_thread':
../src/Project3_source.c:1081:9: warning: 'return' with a value, in function returning void [-Wreturn-type]
 1081 |  return -2; //Should never reach here
      |         ^
../src/Project3_source.c:1014:6: note: declared here
 1014 | void display_thread(void *p){
      |      ^~~~~~~~~~~~~~
../src/Project3_source.c: In function 'parameter_input_thread':
../src/Project3_source.c:1108:9: warning: 'return' with a value, in function returning void [-Wreturn-type]
 1108 |  return -3; //Should never reach here
      |         ^
../src/Project3_source.c:1085:6: note: declared here
 1085 | void parameter_input_thread(void *p){
      |      ^~~~~~~~~~~~~~~~~~~~~~
../src/Project3_source.c:1087:6: warning: unused variable 'status' [-Wunused-variable]
 1087 |  int status;
      |      ^~~~~~
../src/Project3_source.c: In function 'PIDController_Thread':
../src/Project3_source.c:1128:6: warning: unused variable 'i' [-Wunused-variable]
 1128 |  int i;
      |      ^
'Finished building: ../src/Project3_source.c'
' '
'Building target: FreeRTOS_P3_Application.elf'
'Invoking: MicroBlaze gcc linker'
mb-gcc -Wl,-T -Wl,../src/lscript.ld -LD:/PortlandState/ECE_544/Labs/project_3/Vitis2/FreeRTOS_P3_Update/export/FreeRTOS_P3_Update/sw/FreeRTOS_P3_Update/freertos10_xilinx_domain/bsplib/lib -mlittle-endian -mcpu=v11.0 -mxl-soft-mul -Wl,--no-relax -Wl,--gc-sections -o "FreeRTOS_P3_Application.elf"  ./src/GPIOfunctions.o ./src/Project3_source.o ./src/platform.o ./src/pmodCMPS2_helper_functions.o ./src/pmodHB3.o ./src/pmodHB3_selftest.o   -Wl,--start-group,-lxil,-lfreertos,-lgcc,-lc,--end-group
'Finished building target: FreeRTOS_P3_Application.elf'
' '
'Invoking: MicroBlaze Print Size'
mb-size FreeRTOS_P3_Application.elf  |tee "FreeRTOS_P3_Application.elf.size"
   text	   data	    bss	    dec	    hex	filename
  56996	    528	  70140	 127664	  1f2b0	FreeRTOS_P3_Application.elf
'Finished building: FreeRTOS_P3_Application.elf.size'
' '

14:18:01 Build Finished (took 950ms)

